// Jest Snapshot v1, https://goo.gl/fbAQLP

exports[`CustomChartPage.vue shows a page 1`] = `
<div>
    <div class="row">
        <div class="col-xs-12 col-sm-6 col-md-6">
            <select class="form-control">
                <option value="[object Object]">Temperature</option>
                <option value="[object Object]">Humidity</option>
            </select>
            <select class="form-control">
                <option value="24">24 hours</option>
                <option value="48">48 hours</option>
                <option value="168">1 week</option>
            </select>
        </div>
    </div>
    <div class="row">
        <div class="col-lg-12">
            <!---->
        </div>
    </div>
</div>
`;
