// Jest Snapshot v1, https://goo.gl/fbAQLP

exports[`ChartSummary.vue shows a graph 1`] = `
<div>
    <div class="row">
        <div class="col-lg-12">
            <button class="btn btn-default pull-right"><span class="glyphicon glyphicon-refresh"></span></button>
        </div>
    </div>
    <div class="row">
        <div class="col-lg-12">
            <!---->
        </div>
    </div>
    <div class="row">
        <div class="col-lg-12">
            <!---->
        </div>
    </div>
</div>
`;
